// Jest Snapshot v1, https://goo.gl/fbAQLP

exports[`GraphQL Types: VideoType VideoType returns has the correct structure 1`] = `"Video"`;
